// Jest Snapshot v1, https://goo.gl/fbAQLP

exports[`<LandingText /> LandingText component snapshot matches what is expected 1`] = `
<div
  className="LandingText"
>
  <section
    className="LandingText__section"
  >
    <h2
      className="LandingText__title flex-center"
    >
      Truly Canadian
    </h2>
    <p
      className="LandingText__text"
    >
      We list campgrounds from across Canada - from day trips in Ontario, to secluded sites in the Yukon.
    </p>
  </section>
  <section
    className="LandingText__section"
  >
    <h2
      className="LandingText__title flex-center"
    >
      Save Time 
      <i
        aria-hidden="true"
        className="fas fa-clock"
      />
    </h2>
    <p
      className="LandingText__text"
    >
      Detailed information for each campground means you spend less time searching, and more time camping!
    </p>
  </section>
  <section
    className="LandingText__section"
  >
    <h2
      className="LandingText__title flex-center"
    >
      Unfiltered Reviews 
      <i
        aria-hidden="true"
        className="fas fa-filter"
      />
    </h2>
    <p
      className="LandingText__text"
    >
      We offer unbiased reviews for each campground so you can truly decide what's worth visiting in your limited summer.
    </p>
  </section>
</div>
`;
